// Jest Snapshot v1, https://goo.gl/fbAQLP

exports[`Pruebas en TodoList Debe de mostrar el componente correctamente 1`] = `
<ul
  className="list-group list-group-flush"
>
  <TodoListItem
    handleDelete={[MockFunction]}
    handleToggle={[MockFunction]}
    index={0}
    key="1"
    todo={
      Object {
        "desc": "Hacer ejercicio",
        "done": false,
        "id": 1,
      }
    }
  />
  <TodoListItem
    handleDelete={[MockFunction]}
    handleToggle={[MockFunction]}
    index={1}
    key="2"
    todo={
      Object {
        "desc": "Hacer ejercicio",
        "done": false,
        "id": 2,
      }
    }
  />
</ul>
`;

exports[`Pruebas en todosList Debe de mostrar el componente correctamente 1`] = `
<ul
  className="list-group list-group-flush"
>
  <TodoListItem
    handleDelete={[MockFunction]}
    handleToggle={[MockFunction]}
    index={0}
    key="1"
    todo={
      Object {
        "desc": "Hacer ejercicio",
        "done": false,
        "id": 1,
      }
    }
  />
  <TodoListItem
    handleDelete={[MockFunction]}
    handleToggle={[MockFunction]}
    index={1}
    key="2"
    todo={
      Object {
        "desc": "Hacer ejercicio",
        "done": false,
        "id": 2,
      }
    }
  />
</ul>
`;
