// Jest Snapshot v1, https://goo.gl/fbAQLP

exports[`Pruebas en HomeScreen should show corretly 1`] = `
<div>
  <h1>
    HomeScreen
  </h1>
  <hr />
  <pre>
    {
   "name": "Juan",
   "email": "sebastian@gmail.com"
}
  </pre>
</div>
`;
